REFINEMENT
	functional_r
REFINES
	functional

/*SETS
	STR*/

DEFINITIONS
	 "definitions.def" ;

CONSTANTS	
	/* added constants */
	PreCondition_name,
	PostCondition_name

PROPERTIES
	
	PreCondition_name : PreCondition --> STR
	& PostCondition_name : PostCondition --> STR
	
VARIABLES
	
	Family,
	FamilyMember,
	Mapping,
	Person,
	Male,
	Female,
	theFather,
	theMother,
	theSons,
	theDaughters,
	families,
	familyModel,
	personModel,
	pre,
	post,
	mMap,
	pMap,
	mapping,
	persons,
	strategie,
	FAMILY_TO_NEW,
	PARENT_TO_CHILD,
	
	Pivot_name,
	Persons_Person_name,
	Families_Family_name,
	Families_FamilyMember_name
	
INVARIANT
	Pivot_name : Pivot --> STR
	& Persons_Person_name : Person --> STR /* not mondatory in the call */
	& Families_Family_name : Family --> STR /* not mondatory in the call */
	& Families_FamilyMember_name : FamilyMember --> STR /* not mondatory in the call */

INITIALISATION
	
	Mapping := {} ||
	Person := {} ||
	Family := {} ||
	FamilyMember := {} ||
	Male := {} ||
	Female := {} ||
	familyModel := {} ||
	personModel := {} ||
	pre := {} ||
	post := {} ||
	mMap := {} ||
	pMap := {} ||
	mapping := {} ||
	persons := {} ||
	theFather := {} ||
	theMother := {} ||
	theSons := {} ||
	theDaughters := {} ||
	families := {} ||
	Pivot_name := {} ||
	strategie := {} ||
	FAMILY_TO_NEW := {} ||
	PARENT_TO_CHILD := {} ||
	Persons_Person_name := {} ||
	Families_Family_name := {} ||
	Families_FamilyMember_name := {}
		
END






